<?xml version="1.0" encoding="utf-8"?><testsuites name="pytest tests"><testsuite name="pytest" errors="0" failures="0" skipped="0" tests="15" time="0.128" timestamp="2025-11-03T17:19:10.455810+02:00" hostname="DESKTOP-BAEHLBO"><testcase classname="src.tests.index_test.TestIndex" name="test_main_function_output" file="src\tests\index_test.py" line="18" time="0.002" /><testcase classname="src.tests.varasto_test.TestVarasto" name="test_alkusaldo_suurempi_kuin_tilavuus_tayttaa_varaston" file="src\tests\varasto_test.py" line="23" time="0.001" /><testcase classname="src.tests.varasto_test.TestVarasto" name="test_konstruktori_luo_tyhjan_varaston" file="src\tests\varasto_test.py" line="8" time="0.001" /><testcase classname="src.tests.varasto_test.TestVarasto" name="test_liian_suuri_lisays_tayttaa_varaston" file="src\tests\varasto_test.py" line="40" time="0.001" /><testcase classname="src.tests.varasto_test.TestVarasto" name="test_liian_suuri_otto_tyhjentaa_varaston" file="src\tests\varasto_test.py" line="61" time="0.001" /><testcase classname="src.tests.varasto_test.TestVarasto" name="test_lisays_lisaa_pienentaa_vapaata_tilaa" file="src\tests\varasto_test.py" line="31" time="0.001" /><testcase classname="src.tests.varasto_test.TestVarasto" name="test_lisays_lisaa_saldoa" file="src\tests\varasto_test.py" line="27" time="0.001" /><testcase classname="src.tests.varasto_test.TestVarasto" name="test_negatiivinen_alkusaldo_nollataan" file="src\tests\varasto_test.py" line="19" time="0.001" /><testcase classname="src.tests.varasto_test.TestVarasto" name="test_negatiivinen_lisays_ei_muuta_saldoa" file="src\tests\varasto_test.py" line="36" time="0.001" /><testcase classname="src.tests.varasto_test.TestVarasto" name="test_negatiivinen_otto_palauttaa_nollan" file="src\tests\varasto_test.py" line="55" time="0.001" /><testcase classname="src.tests.varasto_test.TestVarasto" name="test_negatiivinen_tilavuus_nollataan" file="src\tests\varasto_test.py" line="15" time="0.001" /><testcase classname="src.tests.varasto_test.TestVarasto" name="test_ottaminen_lisaa_tilaa" file="src\tests\varasto_test.py" line="49" time="0.001" /><testcase classname="src.tests.varasto_test.TestVarasto" name="test_ottaminen_palauttaa_oikean_maaran" file="src\tests\varasto_test.py" line="44" time="0.001" /><testcase classname="src.tests.varasto_test.TestVarasto" name="test_str_metodi_palauttaa_oikean_merkkijonon" file="src\tests\varasto_test.py" line="67" time="0.001" /><testcase classname="src.tests.varasto_test.TestVarasto" name="test_uudella_varastolla_oikea_tilavuus" file="src\tests\varasto_test.py" line="12" time="0.001" /></testsuite></testsuites>